
> ain-oman-web@0.0.0 build
> next build

   ▲ Next.js 15.4.6
   - Environments: .env.local, .env
   - Experiments (use with caution):
     · optimizePackageImports

   Linting and checking validity of types ...
npm : Failed to compile.
At C:\Users\ahami\AppData\Local\Temp\ps-script-7bc644fd-eccb-49c6-a9eb-7b894a2e747c.ps1:80 char:1
+ npm run build 2>&1 | Tee-Object -FilePath "build-output.txt"; Get-Con ...
+ ~~~~~~~~~~~~~~~~~~
    + CategoryInfo          : NotSpecified: (Failed to compile.:String) [], RemoteException
    + FullyQualifiedErrorId : NativeCommandError
 

./src/components/ui/Icon.tsx:32:38
Type error: Type '1.8' is not assignable to type 'never'.

[0m [90m 30 |[39m }[33m;[39m
 [90m 31 |[39m
[31m[1m>[22m[39m[90m 32 |[39m [36mexport[39m [36mdefault[39m [36mfunction[39m [33mIcon[39m({ 
name[33m,[39m stroke [33m=[39m [35m1.8[39m[33m,[39m className [33m=[39m [32m"h-5 w-5"[39m[33m,[39m 
[33m...[39mrest }[33m:[39m [33mProps[39m) {
 [90m    |[39m                                      [31m[1m^[22m[39m
 [90m 33 |[39m   [36mconst[39m common[33m:[39m any [33m=[39m { fill[33m:[39m [32m"none"[39m[33m,[39m 
stroke[33m:[39m [32m"currentColor"[39m[33m,[39m strokeWidth[33m:[39m stroke[33m,[39m 
strokeLinecap[33m:[39m [32m"round"[39m [36mas[39m [36mconst[39m[33m,[39m strokeLinejoin[33m:[39m 
[32m"round"[39m [36mas[39m [36mconst[39m[33m,[39m className[33m,[39m [33m...[39mrest }[33m;[39m
 [90m 34 |[39m   [36mconst[39m render [33m=[39m [33mMAP[39m[name][33m;[39m
 [90m 35 |[39m   [36mif[39m (render) [36mreturn[39m render(common)[33m;[39m[0m
Next.js build worker exited with code: 1 and signal: null
